{
  "1": {
    "errno": 0,
    "data": [
      {
        "code": 0,
        "name": "后台"
      },
      {
        "code": 4,
        "name": "正常"
      },
      {
        "code": 6,
        "name": "封禁"
      }
    ],
    "errmsg": "成功"
  }
}