{
  "1": {
    "errno": 0,
    "errmsg": "成功"
  },
  "2": {
    "errno": 700,
    "errmsg": "用户名不存在或者密码错误"
  },
  "3": {
    "errno": 702,
    "errmsg": "用户被禁止登录"
  },
  "4": {
    "errno": 700,
    "errmsg": "用户名不存在或者密码错误"
  }
}