{
  "1": {
    "errno": 0,
    "errmsg": "成功"
  }
}