{
  "1": {
    "response": {
      "errno": 0,
      "errmsg": "成功"
    }
  },
  "2": {
    "response": {
      "errno": 0,
      "errmsg": "成功"
    }
  }
}