{
  "1": {
    "errno": 0,
    "errmsg": "成功"
  },
  "2": {
    "errno": 746,
    "errmsg": "与系统预留的电话不一致"
  },
  "3": {
    "errno": 745,
    "errmsg": "与系统预留的邮箱不一致"
  },
  "4": {
    "errno": 700,
    "errmsg": "用户名不存在或者密码错误"
  }
}