{
  "1": {
    "errno": 0,
    "data": {
      "id": 17332,
      "userName": "testuser",
      "realName": "test",
      "mobile": "12300010001",
      "email": "test@test.com",
      "gender": 0,
      "birthday": null,
      "gmtCreate": "2020-12-05T13:22:04",
      "gmtModified": null
    },
    "errmsg": "成功"
  }
}