{
  "1": {
    "response": {
      "errno": 0,
      "errmsg": "成功"
    },
    "result": {
      "errno": 0,
      "data": "",
      "errmsg": "成功"
    }
  },
  "2": {
    "errno": 504,
    "errmsg": "操作的资源id不存在"
  }
}